Tick update error: invalid command name ".!frame.!statuscard.!label"
Traceback (most recent call last):
  File "/Users/macbook/Desktop/00 🍀 Aya.AI/core/aya_bar_v2/app/views/main_window.py", line 137, in _tick
    self.status_card.update(
    ~~~~~~~~~~~~~~~~~~~~~~~^
        status.state,
        ^^^^^^^^^^^^^
    ...<3 lines>...
        status.current_time,
        ^^^^^^^^^^^^^^^^^^^^
    )
    ^
  File "/Users/macbook/Desktop/00 🍀 Aya.AI/core/aya_bar_v2/app/components/status_card.py", line 91, in update
    self.status_label.config(text=status, fg=status_color(status))
    ~~~~~~~~~~~~~~~~~~~~~~~~^^^^^^^^^^^^^^^^^^^^^^^^^^^^^^^^^^^^^^
  File "/usr/local/Cellar/python@3.14/3.14.3_1/Frameworks/Python.framework/Versions/3.14/lib/python3.14/tkinter/__init__.py", line 1842, in configure
    return self._configure('configure', cnf, kw)
           ~~~~~~~~~~~~~~~^^^^^^^^^^^^^^^^^^^^^^
  File "/usr/local/Cellar/python@3.14/3.14.3_1/Frameworks/Python.framework/Versions/3.14/lib/python3.14/tkinter/__init__.py", line 1826, in _configure
    self.tk.call(_flatten((self._w, cmd)) + self._options(cnf))
    ~~~~~~~~~~~~^^^^^^^^^^^^^^^^^^^^^^^^^^^^^^^^^^^^^^^^^^^^^^^
_tkinter.TclError: invalid command name ".!frame.!statuscard.!label"

