# Task Board Logs

## System Information

- **Obsidian version**: 1.12.7
- **Installer version**: 1.9.14
- **Operating system**: Darwin Kernel Version 24.4.0: Wed Mar 19 21:16:31 PDT 2025; root:xnu-11417.101.15~1/RELEASE_X86_64 24.4.0
- **Use [[Wikilinks]]**: true
- **Base color scheme**: light
- **Community theme**: Primary v2.10.0
- **Snippets enabled**: 10
- **Plugins installed**: 28
- **Plugins enabled**: 
  - Style Settings v1.0.9
  - Auto Link Title v1.5.5
  - Charts v3.9.0
  - Commander v0.5.4
  - Dataview v0.5.68
  - Omnisearch v1.28.2
  - Tasks v7.23.1
  - Remember cursor position v1.0.9
  - Paste image rename v1.6.1
  - Mousewheel Image zoom v1.0.24
  - Excalidraw v2.20.6
  - Kanban v2.0.51
  - Tick Tones v1.6.4
  - Spaced Repetition v1.13.6
  - QuickAdd v2.11.0
  - TaskNotes v4.5.3
  - Pomodoro Timer v1.2.3
  - Pomodoro Widget v1.0.2
  - PomoBar v1.6.1
  - Task Board v1.10.4

## Recent Bug Reports

Timestamp : 2026-05-09T14:38:15
ID : 145
Message : 
Context : RealTimeScanner.ts/initializeTasksCache
Version : 1.10.4

#### Bug Content
```log
No need to worry if this is appearing on the fresh install.
Error: ENOENT: no such file or directory, open '/Users/macbook/Downloads/Новая папка 2/Шаблон хранилища 2/.obsidian/plugins/task-board/tasks.json'
```

-------------

Timestamp : 2026-05-09T14:38:44
ID : 131
Message : 
Context : TaskBoardViewContent.tsx/loading boards and tasks useEffect
Version : 1.10.4

#### Bug Content
```log
No need to worry about this bug, if its appearing on the fresh install.
Error: ENOENT: no such file or directory, open '/Users/macbook/Downloads/Новая папка 2/Шаблон хранилища 2/.obsidian/plugins/task-board/tasks.json'
```

-------------

Timestamp : 2026-05-10T02:45:06
ID : 104
Message : 
Context : lang/helper.ts/loadTranslationsOnStartup
Version : 1.10.4

#### Bug Content
```log
Error: ENOENT: no such file or directory, open '/Users/macbook/Desktop/NewDesktop/AWN-Framework.vault/v3/Шаблон хранилища 2/.obsidian/plugins/task-board/locales/ru.json'
```

-------------

Timestamp : 2026-05-11T20:04:28
ID : 104
Message : 
Context : lang/helper.ts/loadTranslationsOnStartup
Version : 1.10.4

#### Bug Content
```log
Error: ENOENT: no such file or directory, open '/Users/macbook/Desktop/NewDesktop/AWN-Framework.vault/Шаблон хранилища 2/.obsidian/plugins/task-board/locales/ru.json'
```

-------------

Timestamp : 2026-05-11T20:04:48
ID : 104
Message : 
Context : lang/helper.ts/loadTranslationsOnStartup
Version : 1.10.4

#### Bug Content
```log
Error: ENOENT: no such file or directory, open '/Users/macbook/Desktop/NewDesktop/AWN-Framework.vault/Шаблон хранилища 2/.obsidian/plugins/task-board/locales/ru.json'
```
